{"run": "rgb_seed0_fold0", "mode": "rgb", "seed": 0, "epoch": 1, "training_mse": 0.13071489529709426, "training_pairs": 23600, "elapsed_seconds": 1.372305791999679, "validation_mse": 0.026015582989583574}
{"run": "rgb_seed0_fold0", "mode": "rgb", "seed": 0, "epoch": 2, "training_mse": 0.017774855286428113, "training_pairs": 23600, "elapsed_seconds": 2.7837739170063287, "validation_mse": 0.015614196411002512}
{"run": "rgb_seed0_fold0", "mode": "rgb", "seed": 0, "epoch": 3, "training_mse": 0.01614017827880536, "training_pairs": 23600, "elapsed_seconds": 3.970600624976214, "validation_mse": 0.02110635607062906}
{"run": "rgb_seed0_fold0", "mode": "rgb", "seed": 0, "epoch": 4, "training_mse": 0.0154749709698889, "training_pairs": 23600, "elapsed_seconds": 5.300555624999106, "validation_mse": 0.015597080209186754}
{"run": "rgb_seed0_fold0", "mode": "rgb", "seed": 0, "epoch": 5, "training_mse": 0.015139644263882625, "training_pairs": 23600, "elapsed_seconds": 6.497021750023123, "validation_mse": 0.018002825791574105}
{"run": "rgb_seed0_fold1", "mode": "rgb", "seed": 0, "epoch": 1, "training_mse": 0.1360859832272303, "training_pairs": 23200, "elapsed_seconds": 1.3287809999892488, "validation_mse": 0.03843483820877002}
{"run": "rgb_seed0_fold1", "mode": "rgb", "seed": 0, "epoch": 2, "training_mse": 0.016215696611464762, "training_pairs": 23200, "elapsed_seconds": 2.497406125010457, "validation_mse": 0.029011784210424205}
{"run": "rgb_seed0_fold1", "mode": "rgb", "seed": 0, "epoch": 3, "training_mse": 0.014865773723565925, "training_pairs": 23200, "elapsed_seconds": 3.6877364160027355, "validation_mse": 0.027886395365655535}
{"run": "rgb_seed0_fold1", "mode": "rgb", "seed": 0, "epoch": 4, "training_mse": 0.014182348713822684, "training_pairs": 23200, "elapsed_seconds": 4.898609124997165, "validation_mse": 0.025729150455904112}
{"run": "rgb_seed0_fold1", "mode": "rgb", "seed": 0, "epoch": 5, "training_mse": 0.01366839404718196, "training_pairs": 23200, "elapsed_seconds": 6.098083040968049, "validation_mse": 0.025969344243992158}
{"run": "rgb_seed0_fold2", "mode": "rgb", "seed": 0, "epoch": 1, "training_mse": 0.14909847309561472, "training_pairs": 23200, "elapsed_seconds": 1.5161305000074208, "validation_mse": 0.029632253197604472}
{"run": "rgb_seed0_fold2", "mode": "rgb", "seed": 0, "epoch": 2, "training_mse": 0.023023650871163887, "training_pairs": 23200, "elapsed_seconds": 2.735801499977242, "validation_mse": 0.018635623592010767}
{"run": "rgb_seed0_fold2", "mode": "rgb", "seed": 0, "epoch": 3, "training_mse": 0.02081589609610312, "training_pairs": 23200, "elapsed_seconds": 4.046185416984372, "validation_mse": 0.017888228267522486}
{"run": "rgb_seed0_fold2", "mode": "rgb", "seed": 0, "epoch": 4, "training_mse": 0.020196510460894792, "training_pairs": 23200, "elapsed_seconds": 5.386967334023211, "validation_mse": 0.01840806062291239}
{"run": "rgb_seed0_fold2", "mode": "rgb", "seed": 0, "epoch": 5, "training_mse": 0.019474609472760647, "training_pairs": 23200, "elapsed_seconds": 6.910955666971859, "validation_mse": 0.018736640299144038}
{"run": "rgb_seed0_fold3", "mode": "rgb", "seed": 0, "epoch": 1, "training_mse": 0.1541649382182859, "training_pairs": 23600, "elapsed_seconds": 1.5080531249986961, "validation_mse": 0.050095163886367804}
{"run": "rgb_seed0_fold3", "mode": "rgb", "seed": 0, "epoch": 2, "training_mse": 0.024198299268800714, "training_pairs": 23600, "elapsed_seconds": 2.815766333951615, "validation_mse": 0.049078851894598104}
{"run": "rgb_seed0_fold3", "mode": "rgb", "seed": 0, "epoch": 3, "training_mse": 0.02243265028295882, "training_pairs": 23600, "elapsed_seconds": 4.11960941698635, "validation_mse": 0.049623154215925606}
{"run": "rgb_seed0_fold3", "mode": "rgb", "seed": 0, "epoch": 4, "training_mse": 0.02138058924012714, "training_pairs": 23600, "elapsed_seconds": 5.380000458972063, "validation_mse": 0.04707100792600514}
{"run": "rgb_seed0_fold3", "mode": "rgb", "seed": 0, "epoch": 5, "training_mse": 0.021028007832444136, "training_pairs": 23600, "elapsed_seconds": 6.637329916993622, "validation_mse": 0.048267035282459465}
{"run": "rgb_seed0_fold4", "mode": "rgb", "seed": 0, "epoch": 1, "training_mse": 0.1468162292527348, "training_pairs": 23200, "elapsed_seconds": 1.3841607919894159, "validation_mse": 0.1068403714103579}
{"run": "rgb_seed0_fold4", "mode": "rgb", "seed": 0, "epoch": 2, "training_mse": 0.01748563293829437, "training_pairs": 23200, "elapsed_seconds": 3.3171272089821286, "validation_mse": 0.06142535426534164}
{"run": "rgb_seed0_fold4", "mode": "rgb", "seed": 0, "epoch": 3, "training_mse": 0.015592652356339306, "training_pairs": 23200, "elapsed_seconds": 4.591235500003677, "validation_mse": 0.07090657179098184}
{"run": "rgb_seed0_fold4", "mode": "rgb", "seed": 0, "epoch": 4, "training_mse": 0.014956044054977575, "training_pairs": 23200, "elapsed_seconds": 5.857725750014652, "validation_mse": 0.06861856360116679}
{"run": "rgb_seed0_fold4", "mode": "rgb", "seed": 0, "epoch": 5, "training_mse": 0.014494166732573312, "training_pairs": 23200, "elapsed_seconds": 7.2085902920225635, "validation_mse": 0.05959975462237468}
{"run": "rgb_seed1_fold0", "mode": "rgb", "seed": 1, "epoch": 1, "training_mse": 0.1291430561896666, "training_pairs": 23600, "elapsed_seconds": 1.4148643750231713, "validation_mse": 0.03230231949865165}
{"run": "rgb_seed1_fold0", "mode": "rgb", "seed": 1, "epoch": 2, "training_mse": 0.017840838438369394, "training_pairs": 23600, "elapsed_seconds": 2.687906125036534, "validation_mse": 0.01577058044907001}
{"run": "rgb_seed1_fold0", "mode": "rgb", "seed": 1, "epoch": 3, "training_mse": 0.016609565627465888, "training_pairs": 23600, "elapsed_seconds": 4.009775249985978, "validation_mse": 0.01534916087771158}
{"run": "rgb_seed1_fold0", "mode": "rgb", "seed": 1, "epoch": 4, "training_mse": 0.0157159315598851, "training_pairs": 23600, "elapsed_seconds": 5.618175500014331, "validation_mse": 0.015223657273026367}
{"run": "rgb_seed1_fold0", "mode": "rgb", "seed": 1, "epoch": 5, "training_mse": 0.015231020968195385, "training_pairs": 23600, "elapsed_seconds": 6.997126125032082, "validation_mse": 0.015430257029233153}
{"run": "rgb_seed1_fold1", "mode": "rgb", "seed": 1, "epoch": 1, "training_mse": 0.12535497640097928, "training_pairs": 23200, "elapsed_seconds": 1.4278957500355318, "validation_mse": 0.05010035076464203}
{"run": "rgb_seed1_fold1", "mode": "rgb", "seed": 1, "epoch": 2, "training_mse": 0.016592252612134477, "training_pairs": 23200, "elapsed_seconds": 2.7673707080539316, "validation_mse": 0.03375167048095604}
{"run": "rgb_seed1_fold1", "mode": "rgb", "seed": 1, "epoch": 3, "training_mse": 0.015227328778113707, "training_pairs": 23200, "elapsed_seconds": 4.083740000030957, "validation_mse": 0.03453631078071146}
{"run": "rgb_seed1_fold1", "mode": "rgb", "seed": 1, "epoch": 4, "training_mse": 0.014310929661272889, "training_pairs": 23200, "elapsed_seconds": 5.343232833023649, "validation_mse": 0.04057768585295207}
{"run": "rgb_seed1_fold1", "mode": "rgb", "seed": 1, "epoch": 5, "training_mse": 0.013932830909364561, "training_pairs": 23200, "elapsed_seconds": 6.603445125045255, "validation_mse": 0.03405471328310394}
{"run": "rgb_seed1_fold2", "mode": "rgb", "seed": 1, "epoch": 1, "training_mse": 0.14091411561861675, "training_pairs": 23200, "elapsed_seconds": 1.507882709032856, "validation_mse": 0.03993471489907005}
{"run": "rgb_seed1_fold2", "mode": "rgb", "seed": 1, "epoch": 2, "training_mse": 0.023424446859881896, "training_pairs": 23200, "elapsed_seconds": 2.802975750004407, "validation_mse": 0.018346626423052768}
{"run": "rgb_seed1_fold2", "mode": "rgb", "seed": 1, "epoch": 3, "training_mse": 0.021127787659832434, "training_pairs": 23200, "elapsed_seconds": 4.437686209043022, "validation_mse": 0.018805531402259688}
{"run": "rgb_seed1_fold2", "mode": "rgb", "seed": 1, "epoch": 4, "training_mse": 0.020424347032200207, "training_pairs": 23200, "elapsed_seconds": 5.74842862499645, "validation_mse": 0.018882041642077674}
{"run": "rgb_seed1_fold2", "mode": "rgb", "seed": 1, "epoch": 5, "training_mse": 0.02014923829728989, "training_pairs": 23200, "elapsed_seconds": 7.0519413750153035, "validation_mse": 0.01866747962216803}
{"run": "rgb_seed1_fold3", "mode": "rgb", "seed": 1, "epoch": 1, "training_mse": 0.15984076826371313, "training_pairs": 23600, "elapsed_seconds": 1.5350549999857321, "validation_mse": 0.05533132014484453}
{"run": "rgb_seed1_fold3", "mode": "rgb", "seed": 1, "epoch": 2, "training_mse": 0.023806256181522597, "training_pairs": 23600, "elapsed_seconds": 3.0479045410174876, "validation_mse": 0.04744057887114103}
{"run": "rgb_seed1_fold3", "mode": "rgb", "seed": 1, "epoch": 3, "training_mse": 0.022469944247425735, "training_pairs": 23600, "elapsed_seconds": 4.406031958002131, "validation_mse": 0.04716240199088171}
{"run": "rgb_seed1_fold3", "mode": "rgb", "seed": 1, "epoch": 4, "training_mse": 0.0217875441824033, "training_pairs": 23600, "elapsed_seconds": 5.7346695410087705, "validation_mse": 0.04558356775351146}
{"run": "rgb_seed1_fold3", "mode": "rgb", "seed": 1, "epoch": 5, "training_mse": 0.021379861491038224, "training_pairs": 23600, "elapsed_seconds": 7.235450291016605, "validation_mse": 0.045906690338145865}
{"run": "rgb_seed1_fold4", "mode": "rgb", "seed": 1, "epoch": 1, "training_mse": 0.1488716870305172, "training_pairs": 23200, "elapsed_seconds": 1.5416153750265948, "validation_mse": 0.09882478537912703}
{"run": "rgb_seed1_fold4", "mode": "rgb", "seed": 1, "epoch": 2, "training_mse": 0.01797593989186297, "training_pairs": 23200, "elapsed_seconds": 3.0522408329998143, "validation_mse": 0.08289480543102337}
{"run": "rgb_seed1_fold4", "mode": "rgb", "seed": 1, "epoch": 3, "training_mse": 0.01578969296616997, "training_pairs": 23200, "elapsed_seconds": 4.482642500021029, "validation_mse": 0.0650293108284857}
{"run": "rgb_seed1_fold4", "mode": "rgb", "seed": 1, "epoch": 4, "training_mse": 0.015047851321351594, "training_pairs": 23200, "elapsed_seconds": 5.847265542019159, "validation_mse": 0.07099329745256973}
{"run": "rgb_seed1_fold4", "mode": "rgb", "seed": 1, "epoch": 5, "training_mse": 0.014564965393640533, "training_pairs": 23200, "elapsed_seconds": 7.168313458038028, "validation_mse": 0.0716068455471286}
{"run": "rgb_seed2_fold0", "mode": "rgb", "seed": 2, "epoch": 1, "training_mse": 0.13147844682096788, "training_pairs": 23600, "elapsed_seconds": 1.4714275419828482, "validation_mse": 0.02850051897511781}
{"run": "rgb_seed2_fold0", "mode": "rgb", "seed": 2, "epoch": 2, "training_mse": 0.017908267959508145, "training_pairs": 23600, "elapsed_seconds": 2.896291957993526, "validation_mse": 0.017334172397934704}
{"run": "rgb_seed2_fold0", "mode": "rgb", "seed": 2, "epoch": 3, "training_mse": 0.016250922118735103, "training_pairs": 23600, "elapsed_seconds": 4.203120082966052, "validation_mse": 0.014119178815477963}
{"run": "rgb_seed2_fold0", "mode": "rgb", "seed": 2, "epoch": 4, "training_mse": 0.015537162934780767, "training_pairs": 23600, "elapsed_seconds": 5.519050707982387, "validation_mse": 0.016840827300797726}
{"run": "rgb_seed2_fold0", "mode": "rgb", "seed": 2, "epoch": 5, "training_mse": 0.015161840763791063, "training_pairs": 23600, "elapsed_seconds": 6.795545457978733, "validation_mse": 0.01754118093269213}
{"run": "rgb_seed2_fold1", "mode": "rgb", "seed": 2, "epoch": 1, "training_mse": 0.12353641290689714, "training_pairs": 23200, "elapsed_seconds": 1.7120967920054682, "validation_mse": 0.029402586044928163}
{"run": "rgb_seed2_fold1", "mode": "rgb", "seed": 2, "epoch": 2, "training_mse": 0.01706783365478775, "training_pairs": 23200, "elapsed_seconds": 3.0701075000106357, "validation_mse": 0.022648942924447843}
{"run": "rgb_seed2_fold1", "mode": "rgb", "seed": 2, "epoch": 3, "training_mse": 0.015901405484859445, "training_pairs": 23200, "elapsed_seconds": 4.3665363330510445, "validation_mse": 0.025827515763893756}
{"run": "rgb_seed2_fold1", "mode": "rgb", "seed": 2, "epoch": 4, "training_mse": 0.015374136979617281, "training_pairs": 23200, "elapsed_seconds": 5.65105362504255, "validation_mse": 0.024529042298499944}
{"run": "rgb_seed2_fold1", "mode": "rgb", "seed": 2, "epoch": 5, "training_mse": 0.015039752632605307, "training_pairs": 23200, "elapsed_seconds": 6.943011458031833, "validation_mse": 0.025151847833954678}
{"run": "rgb_seed2_fold2", "mode": "rgb", "seed": 2, "epoch": 1, "training_mse": 0.1442360815902551, "training_pairs": 23200, "elapsed_seconds": 1.4460881659761071, "validation_mse": 0.024714198327028564}
{"run": "rgb_seed2_fold2", "mode": "rgb", "seed": 2, "epoch": 2, "training_mse": 0.022977102024496095, "training_pairs": 23200, "elapsed_seconds": 2.745110374991782, "validation_mse": 0.016617026349202063}
{"run": "rgb_seed2_fold2", "mode": "rgb", "seed": 2, "epoch": 3, "training_mse": 0.021175826366056916, "training_pairs": 23200, "elapsed_seconds": 4.125810707977507, "validation_mse": 0.01827219360725359}
{"run": "rgb_seed2_fold2", "mode": "rgb", "seed": 2, "epoch": 4, "training_mse": 0.02038424694012676, "training_pairs": 23200, "elapsed_seconds": 5.575454415986314, "validation_mse": 0.0161090864348178}
{"run": "rgb_seed2_fold2", "mode": "rgb", "seed": 2, "epoch": 5, "training_mse": 0.01998152253384761, "training_pairs": 23200, "elapsed_seconds": 6.940113415999804, "validation_mse": 0.016878017252481767}
{"run": "rgb_seed2_fold3", "mode": "rgb", "seed": 2, "epoch": 1, "training_mse": 0.1554744445155993, "training_pairs": 23600, "elapsed_seconds": 1.578131416987162, "validation_mse": 0.055126301679295095}
{"run": "rgb_seed2_fold3", "mode": "rgb", "seed": 2, "epoch": 2, "training_mse": 0.024332824019276028, "training_pairs": 23600, "elapsed_seconds": 2.9189246249734424, "validation_mse": 0.04008888293212888}
{"run": "rgb_seed2_fold3", "mode": "rgb", "seed": 2, "epoch": 3, "training_mse": 0.022584202951754173, "training_pairs": 23600, "elapsed_seconds": 4.25674037495628, "validation_mse": 0.04870804845382624}
{"run": "rgb_seed2_fold3", "mode": "rgb", "seed": 2, "epoch": 4, "training_mse": 0.02156434564278297, "training_pairs": 23600, "elapsed_seconds": 5.57613520900486, "validation_mse": 0.04876615693329304}
{"run": "rgb_seed2_fold3", "mode": "rgb", "seed": 2, "epoch": 5, "training_mse": 0.021169232651288433, "training_pairs": 23600, "elapsed_seconds": 6.873840084008407, "validation_mse": 0.04558982800465958}
{"run": "rgb_seed2_fold4", "mode": "rgb", "seed": 2, "epoch": 1, "training_mse": 0.15160799953193704, "training_pairs": 23200, "elapsed_seconds": 1.4107031670282595, "validation_mse": 0.08468779269674566}
{"run": "rgb_seed2_fold4", "mode": "rgb", "seed": 2, "epoch": 2, "training_mse": 0.017045389369550898, "training_pairs": 23200, "elapsed_seconds": 2.6958681250107475, "validation_mse": 0.06942525290960759}
{"run": "rgb_seed2_fold4", "mode": "rgb", "seed": 2, "epoch": 3, "training_mse": 0.015691420103143644, "training_pairs": 23200, "elapsed_seconds": 4.010163082974032, "validation_mse": 0.06117714430245562}
{"run": "rgb_seed2_fold4", "mode": "rgb", "seed": 2, "epoch": 4, "training_mse": 0.015034680841003158, "training_pairs": 23200, "elapsed_seconds": 5.313288457982708, "validation_mse": 0.06317773130305368}
{"run": "rgb_seed2_fold4", "mode": "rgb", "seed": 2, "epoch": 5, "training_mse": 0.01461842655365871, "training_pairs": 23200, "elapsed_seconds": 6.633890500001144, "validation_mse": 0.06053128446130027}
{"run": "all_seed0_fold0", "mode": "all", "seed": 0, "epoch": 1, "training_mse": 0.2311809557106565, "training_pairs": 41300, "elapsed_seconds": 2.3162005830090493, "validation_mse": 0.11383593125843393}
{"run": "all_seed0_fold0", "mode": "all", "seed": 0, "epoch": 2, "training_mse": 0.03555658669571389, "training_pairs": 41300, "elapsed_seconds": 4.656489916029386, "validation_mse": 0.05251474843401306}
{"run": "all_seed0_fold0", "mode": "all", "seed": 0, "epoch": 3, "training_mse": 0.026109670389778104, "training_pairs": 41300, "elapsed_seconds": 7.047813333047088, "validation_mse": 0.03807268555115898}
{"run": "all_seed0_fold0", "mode": "all", "seed": 0, "epoch": 4, "training_mse": 0.022876345490512002, "training_pairs": 41300, "elapsed_seconds": 9.349655833037104, "validation_mse": 0.03907944869352322}
{"run": "all_seed0_fold0", "mode": "all", "seed": 0, "epoch": 5, "training_mse": 0.021551325321831846, "training_pairs": 41300, "elapsed_seconds": 11.685659458045848, "validation_mse": 0.040839687002237814}
{"run": "all_seed0_fold1", "mode": "all", "seed": 0, "epoch": 1, "training_mse": 0.2039838854018159, "training_pairs": 40600, "elapsed_seconds": 2.293031917011831, "validation_mse": 0.0963452738927436}
{"run": "all_seed0_fold1", "mode": "all", "seed": 0, "epoch": 2, "training_mse": 0.03691786001986406, "training_pairs": 40600, "elapsed_seconds": 4.65254958398873, "validation_mse": 0.073748751073958}
{"run": "all_seed0_fold1", "mode": "all", "seed": 0, "epoch": 3, "training_mse": 0.027685584491632116, "training_pairs": 40600, "elapsed_seconds": 6.975550666975323, "validation_mse": 0.06517920648128381}
{"run": "all_seed0_fold1", "mode": "all", "seed": 0, "epoch": 4, "training_mse": 0.02484516239923051, "training_pairs": 40600, "elapsed_seconds": 9.694564250006806, "validation_mse": 0.05909212388788636}
{"run": "all_seed0_fold1", "mode": "all", "seed": 0, "epoch": 5, "training_mse": 0.02304288965510571, "training_pairs": 40600, "elapsed_seconds": 12.183132749982178, "validation_mse": 0.057699867188955714}
{"run": "all_seed0_fold2", "mode": "all", "seed": 0, "epoch": 1, "training_mse": 0.21650923475857795, "training_pairs": 40600, "elapsed_seconds": 2.675505625025835, "validation_mse": 0.10608569890038086}
{"run": "all_seed0_fold2", "mode": "all", "seed": 0, "epoch": 2, "training_mse": 0.0437729957212848, "training_pairs": 40600, "elapsed_seconds": 5.213975874998141, "validation_mse": 0.06703320520484067}
{"run": "all_seed0_fold2", "mode": "all", "seed": 0, "epoch": 3, "training_mse": 0.033580309695263544, "training_pairs": 40600, "elapsed_seconds": 7.805156167014502, "validation_mse": 0.060081125858672466}
{"run": "all_seed0_fold2", "mode": "all", "seed": 0, "epoch": 4, "training_mse": 0.03009564793544022, "training_pairs": 40600, "elapsed_seconds": 10.157582874991931, "validation_mse": 0.052082543336159734}
{"run": "all_seed0_fold2", "mode": "all", "seed": 0, "epoch": 5, "training_mse": 0.02804265330420939, "training_pairs": 40600, "elapsed_seconds": 12.465541208977811, "validation_mse": 0.04854869269155528}
{"run": "all_seed0_fold3", "mode": "all", "seed": 0, "epoch": 1, "training_mse": 0.21741530387417266, "training_pairs": 41300, "elapsed_seconds": 2.3634711249615066, "validation_mse": 0.07349849558911394}
{"run": "all_seed0_fold3", "mode": "all", "seed": 0, "epoch": 2, "training_mse": 0.0365317441932511, "training_pairs": 41300, "elapsed_seconds": 4.805418083968107, "validation_mse": 0.06406705647525755}
{"run": "all_seed0_fold3", "mode": "all", "seed": 0, "epoch": 3, "training_mse": 0.0297116104285622, "training_pairs": 41300, "elapsed_seconds": 7.245823416975327, "validation_mse": 0.06274407347395691}
{"run": "all_seed0_fold3", "mode": "all", "seed": 0, "epoch": 4, "training_mse": 0.02693845559886135, "training_pairs": 41300, "elapsed_seconds": 9.729018124984577, "validation_mse": 0.06085991048178685}
{"run": "all_seed0_fold3", "mode": "all", "seed": 0, "epoch": 5, "training_mse": 0.025069753735992285, "training_pairs": 41300, "elapsed_seconds": 12.221890416985843, "validation_mse": 0.05791139927083883}
{"run": "all_seed0_fold4", "mode": "all", "seed": 0, "epoch": 1, "training_mse": 0.20074502580513165, "training_pairs": 40600, "elapsed_seconds": 2.452488708018791, "validation_mse": 0.14918789524888307}
{"run": "all_seed0_fold4", "mode": "all", "seed": 0, "epoch": 2, "training_mse": 0.02409201316154144, "training_pairs": 40600, "elapsed_seconds": 4.893128458003048, "validation_mse": 0.11836218353734325}
{"run": "all_seed0_fold4", "mode": "all", "seed": 0, "epoch": 3, "training_mse": 0.01954849974112952, "training_pairs": 40600, "elapsed_seconds": 7.333274665987119, "validation_mse": 0.13352165779152128}
{"run": "all_seed0_fold4", "mode": "all", "seed": 0, "epoch": 4, "training_mse": 0.017495028654802736, "training_pairs": 40600, "elapsed_seconds": 9.801491582999006, "validation_mse": 0.11740225147282549}
{"run": "all_seed0_fold4", "mode": "all", "seed": 0, "epoch": 5, "training_mse": 0.01663150302039122, "training_pairs": 40600, "elapsed_seconds": 12.30433825001819, "validation_mse": 0.12334907187409275}
{"run": "all_seed1_fold0", "mode": "all", "seed": 1, "epoch": 1, "training_mse": 0.2064184136054372, "training_pairs": 41300, "elapsed_seconds": 2.7042527090525255, "validation_mse": 0.055235046471649576}
{"run": "all_seed1_fold0", "mode": "all", "seed": 1, "epoch": 2, "training_mse": 0.03214641411906979, "training_pairs": 41300, "elapsed_seconds": 5.605456624994986, "validation_mse": 0.04329092886810427}
{"run": "all_seed1_fold0", "mode": "all", "seed": 1, "epoch": 3, "training_mse": 0.025243415831712194, "training_pairs": 41300, "elapsed_seconds": 8.17616299999645, "validation_mse": 0.03909399702482542}
{"run": "all_seed1_fold0", "mode": "all", "seed": 1, "epoch": 4, "training_mse": 0.02218490534955088, "training_pairs": 41300, "elapsed_seconds": 10.756864916998893, "validation_mse": 0.04465117357573433}
{"run": "all_seed1_fold0", "mode": "all", "seed": 1, "epoch": 5, "training_mse": 0.02081542162097783, "training_pairs": 41300, "elapsed_seconds": 13.347176959039643, "validation_mse": 0.04640968551112949}
{"run": "all_seed1_fold1", "mode": "all", "seed": 1, "epoch": 1, "training_mse": 0.2043237693783805, "training_pairs": 40600, "elapsed_seconds": 2.5910847080522217, "validation_mse": 0.08620299142191784}
{"run": "all_seed1_fold1", "mode": "all", "seed": 1, "epoch": 2, "training_mse": 0.039591544136170324, "training_pairs": 40600, "elapsed_seconds": 5.1460933750495315, "validation_mse": 0.06546405385000484}
{"run": "all_seed1_fold1", "mode": "all", "seed": 1, "epoch": 3, "training_mse": 0.029316302783435253, "training_pairs": 40600, "elapsed_seconds": 7.703264708048664, "validation_mse": 0.05411233327321328}
{"run": "all_seed1_fold1", "mode": "all", "seed": 1, "epoch": 4, "training_mse": 0.025915225690568058, "training_pairs": 40600, "elapsed_seconds": 10.269358167017344, "validation_mse": 0.051790112489606875}
{"run": "all_seed1_fold1", "mode": "all", "seed": 1, "epoch": 5, "training_mse": 0.02432166268447722, "training_pairs": 40600, "elapsed_seconds": 12.895609708037227, "validation_mse": 0.048264400609616676}
{"run": "all_seed1_fold2", "mode": "all", "seed": 1, "epoch": 1, "training_mse": 0.23022228394613023, "training_pairs": 40600, "elapsed_seconds": 2.5978576249908656, "validation_mse": 0.07142163085057246}
{"run": "all_seed1_fold2", "mode": "all", "seed": 1, "epoch": 2, "training_mse": 0.03761049948456719, "training_pairs": 40600, "elapsed_seconds": 5.305411709006876, "validation_mse": 0.056465272074340156}
{"run": "all_seed1_fold2", "mode": "all", "seed": 1, "epoch": 3, "training_mse": 0.029674060468187952, "training_pairs": 40600, "elapsed_seconds": 7.875888500013389, "validation_mse": 0.05005163685284247}
{"run": "all_seed1_fold2", "mode": "all", "seed": 1, "epoch": 4, "training_mse": 0.02632689936687862, "training_pairs": 40600, "elapsed_seconds": 10.490439667017199, "validation_mse": 0.046745020986964855}
{"run": "all_seed1_fold2", "mode": "all", "seed": 1, "epoch": 5, "training_mse": 0.024167331965185525, "training_pairs": 40600, "elapsed_seconds": 13.07238766696537, "validation_mse": 0.04808319598482384}
{"run": "all_seed1_fold3", "mode": "all", "seed": 1, "epoch": 1, "training_mse": 0.22238885378032552, "training_pairs": 41300, "elapsed_seconds": 2.676966500002891, "validation_mse": 0.06715799585312213}
{"run": "all_seed1_fold3", "mode": "all", "seed": 1, "epoch": 2, "training_mse": 0.037037564251260494, "training_pairs": 41300, "elapsed_seconds": 5.354221083049197, "validation_mse": 0.06987179563295717}
{"run": "all_seed1_fold3", "mode": "all", "seed": 1, "epoch": 3, "training_mse": 0.02943884132533758, "training_pairs": 41300, "elapsed_seconds": 8.022100125032011, "validation_mse": 0.06573820038825556}
{"run": "all_seed1_fold3", "mode": "all", "seed": 1, "epoch": 4, "training_mse": 0.026008061829654518, "training_pairs": 41300, "elapsed_seconds": 10.65071929100668, "validation_mse": 0.05938772374335843}
{"run": "all_seed1_fold3", "mode": "all", "seed": 1, "epoch": 5, "training_mse": 0.024746271187652928, "training_pairs": 41300, "elapsed_seconds": 13.26794237503782, "validation_mse": 0.06392059096081679}
{"run": "all_seed1_fold4", "mode": "all", "seed": 1, "epoch": 1, "training_mse": 0.19551342660634535, "training_pairs": 40600, "elapsed_seconds": 2.5974824999575503, "validation_mse": 0.13195551269116737}
{"run": "all_seed1_fold4", "mode": "all", "seed": 1, "epoch": 2, "training_mse": 0.025737733085911103, "training_pairs": 40600, "elapsed_seconds": 5.1832897500135005, "validation_mse": 0.1281089090644435}
{"run": "all_seed1_fold4", "mode": "all", "seed": 1, "epoch": 3, "training_mse": 0.02075426268325312, "training_pairs": 40600, "elapsed_seconds": 7.926046625012532, "validation_mse": 0.10787574017036095}
{"run": "all_seed1_fold4", "mode": "all", "seed": 1, "epoch": 4, "training_mse": 0.01866915564925417, "training_pairs": 40600, "elapsed_seconds": 10.495629958983045, "validation_mse": 0.12522715537515736}
{"run": "all_seed1_fold4", "mode": "all", "seed": 1, "epoch": 5, "training_mse": 0.017511727194499782, "training_pairs": 40600, "elapsed_seconds": 13.154107166978065, "validation_mse": 0.12989921692292664}
{"run": "all_seed2_fold0", "mode": "all", "seed": 2, "epoch": 1, "training_mse": 0.21587298881700812, "training_pairs": 41300, "elapsed_seconds": 2.709454875031952, "validation_mse": 0.06330921438456641}
{"run": "all_seed2_fold0", "mode": "all", "seed": 2, "epoch": 2, "training_mse": 0.03280450015014539, "training_pairs": 41300, "elapsed_seconds": 5.314393084030598, "validation_mse": 0.040226649873274074}
{"run": "all_seed2_fold0", "mode": "all", "seed": 2, "epoch": 3, "training_mse": 0.024134456719222822, "training_pairs": 41300, "elapsed_seconds": 7.891890584025532, "validation_mse": 0.026102796095960813}
{"run": "all_seed2_fold0", "mode": "all", "seed": 2, "epoch": 4, "training_mse": 0.021369106267454915, "training_pairs": 41300, "elapsed_seconds": 10.495999292004853, "validation_mse": 0.02899555479530282}
{"run": "all_seed2_fold0", "mode": "all", "seed": 2, "epoch": 5, "training_mse": 0.019991536024992495, "training_pairs": 41300, "elapsed_seconds": 13.08204420900438, "validation_mse": 0.029390235044318355}
{"run": "all_seed2_fold1", "mode": "all", "seed": 2, "epoch": 1, "training_mse": 0.20841898679674611, "training_pairs": 40600, "elapsed_seconds": 2.562369709019549, "validation_mse": 0.08840231756026268}
{"run": "all_seed2_fold1", "mode": "all", "seed": 2, "epoch": 2, "training_mse": 0.037881975695784165, "training_pairs": 40600, "elapsed_seconds": 5.154466249980032, "validation_mse": 0.08349547229789618}
{"run": "all_seed2_fold1", "mode": "all", "seed": 2, "epoch": 3, "training_mse": 0.02865358467881135, "training_pairs": 40600, "elapsed_seconds": 7.69302908401005, "validation_mse": 0.07442067668671334}
{"run": "all_seed2_fold1", "mode": "all", "seed": 2, "epoch": 4, "training_mse": 0.024680431110887077, "training_pairs": 40600, "elapsed_seconds": 10.221447166986763, "validation_mse": 0.07731503974861445}
{"run": "all_seed2_fold1", "mode": "all", "seed": 2, "epoch": 5, "training_mse": 0.023111238914329237, "training_pairs": 40600, "elapsed_seconds": 12.753969167009927, "validation_mse": 0.07639131260092084}
{"run": "all_seed2_fold2", "mode": "all", "seed": 2, "epoch": 1, "training_mse": 0.22530379927181823, "training_pairs": 40600, "elapsed_seconds": 2.5533017499838024, "validation_mse": 0.0912087169327446}
{"run": "all_seed2_fold2", "mode": "all", "seed": 2, "epoch": 2, "training_mse": 0.04360650022492165, "training_pairs": 40600, "elapsed_seconds": 5.102373667003121, "validation_mse": 0.0441568657286481}
{"run": "all_seed2_fold2", "mode": "all", "seed": 2, "epoch": 3, "training_mse": 0.03305261783360496, "training_pairs": 40600, "elapsed_seconds": 7.638506916991901, "validation_mse": 0.04553186622347705}
{"run": "all_seed2_fold2", "mode": "all", "seed": 2, "epoch": 4, "training_mse": 0.029336339239705734, "training_pairs": 40600, "elapsed_seconds": 10.516799499979243, "validation_mse": 0.053633682818229396}
{"run": "all_seed2_fold2", "mode": "all", "seed": 2, "epoch": 5, "training_mse": 0.027579944813990686, "training_pairs": 40600, "elapsed_seconds": 13.127784208976664, "validation_mse": 0.04963823878700238}
{"run": "all_seed2_fold3", "mode": "all", "seed": 2, "epoch": 1, "training_mse": 0.20904721187329606, "training_pairs": 41300, "elapsed_seconds": 2.890778416011017, "validation_mse": 0.07521811585075601}
{"run": "all_seed2_fold3", "mode": "all", "seed": 2, "epoch": 2, "training_mse": 0.03694159791577065, "training_pairs": 41300, "elapsed_seconds": 5.702859957993496, "validation_mse": 0.08101735869781423}
{"run": "all_seed2_fold3", "mode": "all", "seed": 2, "epoch": 3, "training_mse": 0.028102238626499017, "training_pairs": 41300, "elapsed_seconds": 8.4035264159902, "validation_mse": 0.06505887956603805}
{"run": "all_seed2_fold3", "mode": "all", "seed": 2, "epoch": 4, "training_mse": 0.02483239242282261, "training_pairs": 41300, "elapsed_seconds": 11.073968166019768, "validation_mse": 0.06204777792884406}
{"run": "all_seed2_fold3", "mode": "all", "seed": 2, "epoch": 5, "training_mse": 0.023372901165310073, "training_pairs": 41300, "elapsed_seconds": 13.82972354098456, "validation_mse": 0.06111613545369661}
{"run": "all_seed2_fold4", "mode": "all", "seed": 2, "epoch": 1, "training_mse": 0.19528226295383427, "training_pairs": 40600, "elapsed_seconds": 2.7982614589855075, "validation_mse": 0.10169735580959428}
{"run": "all_seed2_fold4", "mode": "all", "seed": 2, "epoch": 2, "training_mse": 0.025095049099718023, "training_pairs": 40600, "elapsed_seconds": 5.359979791974183, "validation_mse": 0.1039921456476259}
{"run": "all_seed2_fold4", "mode": "all", "seed": 2, "epoch": 3, "training_mse": 0.020500502420046668, "training_pairs": 40600, "elapsed_seconds": 8.046035041974392, "validation_mse": 0.09248684737968155}
{"run": "all_seed2_fold4", "mode": "all", "seed": 2, "epoch": 4, "training_mse": 0.018570301882687986, "training_pairs": 40600, "elapsed_seconds": 10.771776083973236, "validation_mse": 0.09372132880135103}
{"run": "all_seed2_fold4", "mode": "all", "seed": 2, "epoch": 5, "training_mse": 0.017598755354809714, "training_pairs": 40600, "elapsed_seconds": 13.326065542001743, "validation_mse": 0.09434218855535462}
{"run": "rgb_full_fit_seed0", "mode": "rgb", "seed": 0, "epoch": 1, "training_mse": 0.09541272882968187, "training_pairs": 40000, "elapsed_seconds": 2.5916548339882866}
{"run": "rgb_full_fit_seed0", "mode": "rgb", "seed": 0, "epoch": 2, "training_mse": 0.01986107441931963, "training_pairs": 40000, "elapsed_seconds": 4.864287459000479}
{"run": "rgb_full_fit_seed0", "mode": "rgb", "seed": 0, "epoch": 3, "training_mse": 0.019095815739035606, "training_pairs": 40000, "elapsed_seconds": 7.141135749989189}
{"run": "rgb_full_fit_seed0", "mode": "rgb", "seed": 0, "epoch": 4, "training_mse": 0.018386718839406967, "training_pairs": 40000, "elapsed_seconds": 9.469601124990731}
{"run": "rgb_full_fit_seed0", "mode": "rgb", "seed": 0, "epoch": 5, "training_mse": 0.018091898533701897, "training_pairs": 40000, "elapsed_seconds": 11.79550508398097}
{"run": "all_full_fit_seed0", "mode": "all", "seed": 0, "epoch": 1, "training_mse": 0.1376351619112072, "training_pairs": 70000, "elapsed_seconds": 4.663960499980021}
{"run": "all_full_fit_seed0", "mode": "all", "seed": 0, "epoch": 2, "training_mse": 0.03050113618424949, "training_pairs": 70000, "elapsed_seconds": 9.963669166027103}
{"run": "all_full_fit_seed0", "mode": "all", "seed": 0, "epoch": 3, "training_mse": 0.025972980272086162, "training_pairs": 70000, "elapsed_seconds": 14.382274749979842}
{"run": "all_full_fit_seed0", "mode": "all", "seed": 0, "epoch": 4, "training_mse": 0.023532934586468136, "training_pairs": 70000, "elapsed_seconds": 18.92402195802424}
{"run": "all_full_fit_seed0", "mode": "all", "seed": 0, "epoch": 5, "training_mse": 0.02211140709294098, "training_pairs": 70000, "elapsed_seconds": 23.319520833028946}
COMPLETE: every row tested once per seed/mode; final full-data models trained exhaustively
